<?xml version="1.0" encoding="UTF-8" ?>
<testsuites name="vitest tests" tests="11" failures="0" errors="0" time="0.784963872">
    <testsuite name="apps/tech-blog/src/app/app.component.spec.ts" timestamp="2026-07-17T05:07:40.309Z" hostname="vm" tests="1" failures="0" errors="0" skipped="0" time="0.039504102">
        <testcase classname="apps/tech-blog/src/app/app.component.spec.ts" name="AppComponent &gt; should create the app" time="0.039270216">
        </testcase>
    </testsuite>
    <testsuite name="libs/feature-about-me/src/lib/about-me.component.spec.ts" timestamp="2026-07-17T05:07:40.311Z" hostname="vm" tests="1" failures="0" errors="0" skipped="0" time="0.018868989">
        <testcase classname="libs/feature-about-me/src/lib/about-me.component.spec.ts" name="AboutMeComponent &gt; should create" time="0.01850087">
        </testcase>
    </testsuite>
    <testsuite name="libs/feature-ai/src/lib/ai.component.spec.ts" timestamp="2026-07-17T05:07:40.315Z" hostname="vm" tests="1" failures="0" errors="0" skipped="0" time="0.036479667">
        <testcase classname="libs/feature-ai/src/lib/ai.component.spec.ts" name="AIComponent &gt; should create" time="0.036339376">
        </testcase>
    </testsuite>
    <testsuite name="libs/feature-hardware/src/lib/hardware.component.spec.ts" timestamp="2026-07-17T05:07:40.316Z" hostname="vm" tests="1" failures="0" errors="0" skipped="0" time="0.079199277">
        <testcase classname="libs/feature-hardware/src/lib/hardware.component.spec.ts" name="HardwareComponent &gt; should create" time="0.07873573">
        </testcase>
    </testsuite>
    <testsuite name="libs/feature-home/src/lib/home.component.spec.ts" timestamp="2026-07-17T05:07:40.317Z" hostname="vm" tests="1" failures="0" errors="0" skipped="0" time="0.138615161">
        <testcase classname="libs/feature-home/src/lib/home.component.spec.ts" name="HomeComponent &gt; should create" time="0.13842987">
        </testcase>
    </testsuite>
    <testsuite name="libs/feature-projects/src/lib/projects.component.spec.ts" timestamp="2026-07-17T05:07:40.317Z" hostname="vm" tests="1" failures="0" errors="0" skipped="0" time="0.048694089">
        <testcase classname="libs/feature-projects/src/lib/projects.component.spec.ts" name="ProjectsComponent &gt; should create" time="0.048315556">
        </testcase>
    </testsuite>
    <testsuite name="libs/feature-recent-articles/src/lib/recent-articles.component.spec.ts" timestamp="2026-07-17T05:07:40.318Z" hostname="vm" tests="1" failures="0" errors="0" skipped="0" time="0.180255623">
        <testcase classname="libs/feature-recent-articles/src/lib/recent-articles.component.spec.ts" name="RecentArticlesComponent &gt; should create" time="0.177540486">
        </testcase>
    </testsuite>
    <testsuite name="libs/feature-test/src/lib/test.component.spec.ts" timestamp="2026-07-17T05:07:40.318Z" hostname="vm" tests="1" failures="0" errors="0" skipped="0" time="0.112960814">
        <testcase classname="libs/feature-test/src/lib/test.component.spec.ts" name="TestComponent &gt; should create" time="0.112807545">
        </testcase>
    </testsuite>
    <testsuite name="libs/shared-ui/src/lib/footer/footer.component.spec.ts" timestamp="2026-07-17T05:07:40.318Z" hostname="vm" tests="1" failures="0" errors="0" skipped="0" time="0.036849155">
        <testcase classname="libs/shared-ui/src/lib/footer/footer.component.spec.ts" name="FooterComponent &gt; should create" time="0.036622529">
        </testcase>
    </testsuite>
    <testsuite name="libs/shared-ui/src/lib/navbar/navbar.component.spec.ts" timestamp="2026-07-17T05:07:40.320Z" hostname="vm" tests="1" failures="0" errors="0" skipped="0" time="0.083746147">
        <testcase classname="libs/shared-ui/src/lib/navbar/navbar.component.spec.ts" name="NavbarComponent &gt; should create" time="0.083472735">
        </testcase>
    </testsuite>
    <testsuite name="libs/shared-ui/src/lib/sidebar/sidebar.component.spec.ts" timestamp="2026-07-17T05:07:40.321Z" hostname="vm" tests="1" failures="0" errors="0" skipped="0" time="0.009790848">
        <testcase classname="libs/shared-ui/src/lib/sidebar/sidebar.component.spec.ts" name="SidebarComponent &gt; should create" time="0.009509222">
        </testcase>
    </testsuite>
</testsuites>
